Archive member included because of file (symbol)

c:\Users\Quinn\AppData\Roaming\Code\User\globalStorage\vexrobotics.vexcode\sdk\cpp\V5\V5_20220726_10_00_00/vexv5\libv5rt.a(v5_startup.c.obj)
                              (vexStartup)
c:\Users\Quinn\AppData\Roaming\Code\User\globalStorage\vexrobotics.vexcode\sdk\cpp\V5\V5_20220726_10_00_00/vexv5\libv5rt.a(v5_util.c.obj)
                              c:\Users\Quinn\AppData\Roaming\Code\User\globalStorage\vexrobotics.vexcode\sdk\cpp\V5\V5_20220726_10_00_00/vexv5\libv5rt.a(v5_startup.c.obj) (vexStdlibVersionLinked)
c:\Users\Quinn\AppData\Roaming\Code\User\globalStorage\vexrobotics.vexcode\sdk\cpp\V5\V5_20220726_10_00_00/vexv5\libv5rt.a(v5_apijump.c.obj)
                              c:\Users\Quinn\AppData\Roaming\Code\User\globalStorage\vexrobotics.vexcode\sdk\cpp\V5\V5_20220726_10_00_00/vexv5\libv5rt.a(v5_startup.c.obj) (vexPrivateApiEnable)
c:\Users\Quinn\AppData\Roaming\Code\User\globalStorage\vexrobotics.vexcode\sdk\cpp\V5\V5_20220726_10_00_00/vexv5\libv5rt.a(v5_apiversions.c.obj)
                              c:\Users\Quinn\AppData\Roaming\Code\User\globalStorage\vexrobotics.vexcode\sdk\cpp\V5\V5_20220726_10_00_00/vexv5\libv5rt.a(v5_apijump.c.obj) (vexSystemVersion)
c:\Users\Quinn\AppData\Roaming\Code\User\globalStorage\vexrobotics.vexcode\sdk\cpp\V5\V5_20220726_10_00_00/vexv5\libv5rt.a(vex_global.cpp.obj)
                              build/src/main.o (vex::wait(double, vex::timeUnits))
c:\Users\Quinn\AppData\Roaming\Code\User\globalStorage\vexrobotics.vexcode\sdk\cpp\V5\V5_20220726_10_00_00/vexv5\libv5rt.a(vex_device.cpp.obj)
                              build/src/drive.o (vtable for vex::device)
c:\Users\Quinn\AppData\Roaming\Code\User\globalStorage\vexrobotics.vexcode\sdk\cpp\V5\V5_20220726_10_00_00/vexv5\libv5rt.a(vex_motor.cpp.obj)
                              build/src/main.o (vex::motor::~motor())
c:\Users\Quinn\AppData\Roaming\Code\User\globalStorage\vexrobotics.vexcode\sdk\cpp\V5\V5_20220726_10_00_00/vexv5\libv5rt.a(vex_imu.cpp.obj)
                              build/src/drive.o (vex::inertial::setRotation(double, vex::rotationUnits))
c:\Users\Quinn\AppData\Roaming\Code\User\globalStorage\vexrobotics.vexcode\sdk\cpp\V5\V5_20220726_10_00_00/vexv5\libv5rt.a(vex_controller.cpp.obj)
                              build/src/drive.o (vex::controller::~controller())
c:\Users\Quinn\AppData\Roaming\Code\User\globalStorage\vexrobotics.vexcode\sdk\cpp\V5\V5_20220726_10_00_00/vexv5\libv5rt.a(vex_task.cpp.obj)
                              build/src/auton.o (vex::task::task(int (*)()))
c:\Users\Quinn\AppData\Roaming\Code\User\globalStorage\vexrobotics.vexcode\sdk\cpp\V5\V5_20220726_10_00_00/vexv5\libv5rt.a(vex_thread.cpp.obj)
                              c:\Users\Quinn\AppData\Roaming\Code\User\globalStorage\vexrobotics.vexcode\sdk\cpp\V5\V5_20220726_10_00_00/vexv5\libv5rt.a(vex_global.cpp.obj) (vex::this_thread::sleep_for(unsigned long))
c:\Users\Quinn\AppData\Roaming\Code\User\globalStorage\vexrobotics.vexcode\sdk\cpp\V5\V5_20220726_10_00_00/vexv5\libv5rt.a(vex_event.cpp.obj)
                              c:\Users\Quinn\AppData\Roaming\Code\User\globalStorage\vexrobotics.vexcode\sdk\cpp\V5\V5_20220726_10_00_00/vexv5\libv5rt.a(vex_imu.cpp.obj) (vex::event::init(unsigned long, unsigned long, void (*)()))
c:\Users\Quinn\AppData\Roaming\Code\User\globalStorage\vexrobotics.vexcode\sdk\cpp\V5\V5_20220726_10_00_00/vexv5\libv5rt.a(vex_mevent.cpp.obj)
                              c:\Users\Quinn\AppData\Roaming\Code\User\globalStorage\vexrobotics.vexcode\sdk\cpp\V5\V5_20220726_10_00_00/vexv5\libv5rt.a(vex_controller.cpp.obj) (vex::mevent::mevent(unsigned long, unsigned long))
c:\Users\Quinn\AppData\Roaming\Code\User\globalStorage\vexrobotics.vexcode\sdk\cpp\V5\V5_20220726_10_00_00/vexv5\libv5rt.a(vex_brain.cpp.obj)
                              build/src/drive.o (vex::brain::lcd::setCursor(long, long))
c:\Users\Quinn\AppData\Roaming\Code\User\globalStorage\vexrobotics.vexcode\sdk\cpp\V5\V5_20220726_10_00_00/vexv5\libv5rt.a(vex_competition.cpp.obj)
                              build/src/main.o (vex::competition::competition())
c:\Users\Quinn\AppData\Roaming\Code\User\globalStorage\vexrobotics.vexcode\sdk\cpp\V5\V5_20220726_10_00_00/vexv5\libv5rt.a(vex_triport.cpp.obj)
                              c:\Users\Quinn\AppData\Roaming\Code\User\globalStorage\vexrobotics.vexcode\sdk\cpp\V5\V5_20220726_10_00_00/vexv5\libv5rt.a(vex_brain.cpp.obj) (vex::triport::~triport())
c:\Users\Quinn\AppData\Roaming\Code\User\globalStorage\vexrobotics.vexcode\sdk\cpp\V5\V5_20220726_10_00_00/vexv5\libv5rt.a(vex_color.cpp.obj)
                              c:\Users\Quinn\AppData\Roaming\Code\User\globalStorage\vexrobotics.vexcode\sdk\cpp\V5\V5_20220726_10_00_00/vexv5\libv5rt.a(vex_brain.cpp.obj) (vex::color::operator unsigned long() const)
[...]
Memory Configuration

Name             Origin             Length             Attributes
ps7_ddr_0_S_AXI_BASEADDR 0x03800000         0x04800000
*default*        0x00000000         0xffffffff

Linker script and memory map

                0x00002000                _STACK_SIZE = DEFINED (_STACK_SIZE)?_STACK_SIZE:0x2000
                0x00100000                _HEAP_SIZE = DEFINED (_HEAP_SIZE)?_HEAP_SIZE:0x100000
                0x00000400                _ABORT_STACK_SIZE = DEFINED (_ABORT_STACK_SIZE)?_ABORT_STACK_SIZE:0x400
                0x00000800                _SUPERVISOR_STACK_SIZE = DEFINED (_SUPERVISOR_STACK_SIZE)?_SUPERVISOR_STACK_SIZE:0x800
                0x00000400                _IRQ_STACK_SIZE = DEFINED (_IRQ_STACK_SIZE)?_IRQ_STACK_SIZE:0x400
                0x00000400                _FIQ_STACK_SIZE = DEFINED (_FIQ_STACK_SIZE)?_FIQ_STACK_SIZE:0x400
                0x00000400                _UNDEF_STACK_SIZE = DEFINED (_UNDEF_STACK_SIZE)?_UNDEF_STACK_SIZE:0x400

.text           0x03800000    0x4b4c0
 *(.vectors)
 *(.boot_data)
 .boot_data     0x03800000       0x20 c:\Users\Quinn\AppData\Roaming\Code\User\globalStorage\vexrobotics.vexcode\sdk\cpp\V5\V5_20220726_10_00_00/vexv5\libv5rt.a(v5_startup.c.obj)
                0x03800000                vexCodeSig
                0x00000020                . = 0x20
 *(.boot)
 .boot          0x03800020       0xbc c:\Users\Quinn\AppData\Roaming\Code\User\globalStorage\vexrobotics.vexcode\sdk\cpp\V5\V5_20220726_10_00_00/vexv5\libv5rt.a(v5_startup.c.obj)
                0x03800020                vexStartup
                0x03800100                . = ALIGN (0x40)
 *fill*         0x038000dc       0x24 
 *(.freertos_vectors)
 *(.text)
 .text          0x03800100      0x170 build/src/v5lvgl.o
                0x03800100                lvgltask
                0x03800120                v5_lv_init
 .text          0x03800270     0x27ac .\libv5lvgl.a(lv_obj_pos.o)
                0x03800270                lv_obj_set_pos
                0x03800294                lv_obj_set_x
                0x038002ec                lv_obj_set_y
                0x03800344                lv_obj_refr_size
                0x03800cf0                lv_obj_get_width
                0x03800d08                lv_obj_get_content_width
                0x03800d6c                lv_clamp_width
                0x03800e08                lv_obj_get_height
                0x03800e20                lv_obj_get_content_height
                0x03800e84                lv_clamp_height
                0x03800f20                lv_obj_invalidate
                0x03800f78                lv_obj_get_coords
                0x03800f9c                lv_obj_get_content_coords
                0x03801060                lv_obj_set_size
                0x03801084                lv_obj_set_width
                0x038010dc                lv_obj_set_height
                0x03801134                lv_obj_set_content_width
                0x03801190                lv_obj_set_content_height
                0x038011ec                lv_obj_set_layout
                0x03801210                lv_obj_mark_layout_as_dirty
                0x0380124c                lv_obj_is_layout_positioned
                0x038012a0                lv_obj_update_layout
                0x038013bc                lv_layout_register
                0x03801428                lv_obj_set_align
                0x03801430                lv_obj_align
                0x03801468                lv_obj_align_to
                0x03801b94                lv_obj_get_x
                0x03801bf8                lv_obj_get_x2
                0x03801c24                lv_obj_get_y
                0x03801c88                lv_obj_get_y2
                0x03801cb4                lv_obj_get_x_aligned
                0x03801cd0                lv_obj_get_y_aligned
                0x03801cec                lv_obj_get_self_width
                0x03801d1c                lv_obj_get_self_height
                0x03801d48                lv_obj_refresh_self_size
                0x03801da0                lv_obj_refr_pos
                0x038020f4                lv_obj_move_to
                0x038022d0                lv_obj_move_children_by
                0x03802380                lv_obj_transform_point
                0x038024f0                lv_obj_get_transformed_area
                0x03802644                lv_obj_invalidate_area
                0x038026b4                lv_obj_area_is_visible
                0x03802854                lv_obj_is_visible
                0x038028ac                lv_obj_set_ext_click_area
                0x038028cc                lv_obj_get_click_area
                0x03802928                lv_obj_hit_test
 .text          0x03802a1c      0x540 .\libv5lvgl.a(lv_obj_style_gen.o)
                0x03802a1c                lv_obj_set_style_width
                0x03802a2c                lv_obj_set_style_min_width
                0x03802a3c                lv_obj_set_style_max_width
                0x03802a4c                lv_obj_set_style_height
                0x03802a5c                lv_obj_set_style_min_height
                0x03802a6c                lv_obj_set_style_max_height
                0x03802a7c                lv_obj_set_style_x
                0x03802a8c                lv_obj_set_style_y
                0x03802a9c                lv_obj_set_style_align
                0x03802aac                lv_obj_set_style_transform_width
                0x03802abc                lv_obj_set_style_transform_height
                0x03802acc                lv_obj_set_style_translate_x
                0x03802adc                lv_obj_set_style_translate_y
                0x03802aec                lv_obj_set_style_transform_zoom
                0x03802afc                lv_obj_set_style_transform_angle
                0x03802b0c                lv_obj_set_style_transform_pivot_x
                0x03802b1c                lv_obj_set_style_transform_pivot_y
                0x03802b2c                lv_obj_set_style_pad_top
                0x03802b3c                lv_obj_set_style_pad_bottom
                0x03802b4c                lv_obj_set_style_pad_left
                0x03802b5c                lv_obj_set_style_pad_right
                0x03802b6c                lv_obj_set_style_pad_row
                0x03802b7c                lv_obj_set_style_pad_column
                0x03802b8c                lv_obj_set_style_bg_color
                0x03802b9c                lv_obj_set_style_bg_opa
                0x03802bac                lv_obj_set_style_bg_grad_color
                0x03802bbc                lv_obj_set_style_bg_grad_dir
                0x03802bcc                lv_obj_set_style_bg_main_stop
                0x03802bdc                lv_obj_set_style_bg_grad_stop
                0x03802bec                lv_obj_set_style_bg_grad
                0x03802bfc                lv_obj_set_style_bg_dither_mode
                0x03802c0c                lv_obj_set_style_bg_img_src
                0x03802c1c                lv_obj_set_style_bg_img_opa
                0x03802c2c                lv_obj_set_style_bg_img_recolor
                0x03802c3c                lv_obj_set_style_bg_img_recolor_opa
                0x03802c4c                lv_obj_set_style_bg_img_tiled
                0x03802c5c                lv_obj_set_style_border_color
                0x03802c6c                lv_obj_set_style_border_opa
                0x03802c7c                lv_obj_set_style_border_width
                0x03802c8c                lv_obj_set_style_border_side
                0x03802c9c                lv_obj_set_style_border_post
                0x03802cac                lv_obj_set_style_outline_width
                0x03802cbc                lv_obj_set_style_outline_color
                0x03802ccc                lv_obj_set_style_outline_opa
                0x03802cdc                lv_obj_set_style_outline_pad
                0x03802cec                lv_obj_set_style_shadow_width
                0x03802cfc                lv_obj_set_style_shadow_ofs_x
                0x03802d0c                lv_obj_set_style_shadow_ofs_y
                0x03802d1c                lv_obj_set_style_shadow_spread
                0x03802d2c                lv_obj_set_style_shadow_color
                0x03802d3c                lv_obj_set_style_shadow_opa
                0x03802d4c                lv_obj_set_style_img_opa
                0x03802d5c                lv_obj_set_style_img_recolor
                0x03802d6c                lv_obj_set_style_img_recolor_opa
                0x03802d7c                lv_obj_set_style_line_width
                0x03802d8c                lv_obj_set_style_line_dash_width
                0x03802d9c                lv_obj_set_style_line_dash_gap
                0x03802dac                lv_obj_set_style_line_rounded
                0x03802dbc                lv_obj_set_style_line_color
                0x03802dcc                lv_obj_set_style_line_opa
                0x03802ddc                lv_obj_set_style_arc_width
                0x03802dec                lv_obj_set_style_arc_rounded
                0x03802dfc                lv_obj_set_style_arc_color
                0x03802e0c                lv_obj_set_style_arc_opa
                0x03802e1c                lv_obj_set_style_arc_img_src
                0x03802e2c                lv_obj_set_style_text_color
                0x03802e3c                lv_obj_set_style_text_opa
                0x03802e4c                lv_obj_set_style_text_font
                0x03802e5c                lv_obj_set_style_text_letter_space
                0x03802e6c                lv_obj_set_style_text_line_space
                0x03802e7c                lv_obj_set_style_text_decor
                0x03802e8c                lv_obj_set_style_text_align
                0x03802e9c                lv_obj_set_style_radius
                0x03802eac                lv_obj_set_style_clip_corner
                0x03802ebc                lv_obj_set_style_opa
                0x03802ecc                lv_obj_set_style_color_filter_dsc
                0x03802edc                lv_obj_set_style_color_filter_opa
                0x03802eec                lv_obj_set_style_anim
                0x03802efc                lv_obj_set_style_anim_time
                0x03802f0c                lv_obj_set_style_anim_speed
                0x03802f1c                lv_obj_set_style_transition
                0x03802f2c                lv_obj_set_style_blend_mode
                0x03802f3c                lv_obj_set_style_layout
                0x03802f4c                lv_obj_set_style_base_dir
 .text          0x03802f5c     0x15a0 .\libv5lvgl.a(lv_obj.o)
                0x03803ca0                lv_is_initialized
                0x03803cb0                lv_init
                0x03803d20                lv_deinit
                0x03803d4c                lv_obj_create
                0x03803d74                lv_obj_add_flag
                0x03803e2c                lv_obj_clear_flag
                0x03803ee8                lv_obj_add_state
                0x038042f0                lv_obj_clear_state
                0x03804304                lv_obj_has_flag
                0x0380431c                lv_obj_has_flag_any
                0x0380432c                lv_obj_get_state
                0x03804334                lv_obj_has_state
                0x03804344                lv_obj_get_group
                0x03804358                lv_obj_allocate_spec_attr
                0x038043c8                lv_obj_check_type
                0x038043e4                lv_obj_has_class
                0x0380440c                lv_obj_get_class
                0x03804414                lv_obj_is_valid
 .text          0x038044fc     0x1dc8 .\libv5lvgl.a(lv_obj_scroll.o)
                0x038044fc                lv_obj_set_scrollbar_mode
                0x03804540                lv_obj_set_scroll_dir
                0x03804578                lv_obj_set_scroll_snap_x
                0x038045a8                lv_obj_set_scroll_snap_y
                0x038045d8                lv_obj_get_scrollbar_mode
                0x038045f0                lv_obj_get_scroll_dir
                0x03804608                lv_obj_get_scroll_snap_x
                0x03804620                lv_obj_get_scroll_snap_y
                0x03804638                lv_obj_get_scroll_x
                0x03804654                lv_obj_get_scroll_y
                0x03804670                lv_obj_get_scroll_top
                0x0380468c                lv_obj_get_scroll_bottom
                0x038047b0                lv_obj_get_scroll_left
                0x0380491c                lv_obj_get_scroll_right
                0x03804a6c                lv_obj_get_scroll_end
                0x03804b54                lv_obj_scroll_by_bounded
                0x03804cf8                lv_obj_scroll_by
                0x03804ef8                _lv_obj_scroll_by_raw
                0x03804f74                lv_obj_scroll_to
                0x03804fa4                lv_obj_scroll_to_x
                0x03804ff4                lv_obj_scroll_to_y
                0x03805044                lv_obj_scroll_to_view
                0x0380555c                lv_obj_scroll_to_view_recursive
                0x038055c8                lv_obj_is_scrolling
                0x03805620                lv_obj_update_snap
                0x03805660                lv_obj_get_scrollbar_area
                0x03806134                lv_obj_scrollbar_invalidate
                0x038061b4                lv_obj_readjust_scroll
 .text          0x038062c4      0x93c .\libv5lvgl.a(lv_obj_tree.o)
                0x038062c4                lv_obj_del
                0x03806364                lv_obj_get_parent
                0x03806374                lv_obj_get_disp
                0x038065c8                lv_obj_clean
                0x0380662c                lv_obj_get_child
                0x03806660                lv_obj_del_delayed
                0x038066b8                lv_obj_del_anim_ready_cb
                0x038066c0                lv_obj_del_async
                0x038066d4                lv_obj_set_parent
                0x0380681c                lv_obj_get_index
                0x038068a4                lv_obj_get_child_cnt
                0x038068b8                lv_obj_move_to_index
                0x038069ec                lv_obj_swap
                0x03806acc                lv_obj_get_screen
                0x03806ae8                lv_obj_tree_walk
 .text          0x03806c00     0x18b4 .\libv5lvgl.a(lv_obj_style.o)
                0x03806c00                _lv_obj_style_init
                0x03806c10                lv_obj_add_style
                0x03806e28                lv_obj_refresh_style
                0x03807058                lv_obj_remove_style
                0x03807238                lv_obj_style_get_selector_state
                0x03807240                lv_obj_style_get_selector_part
                0x03807248                lv_obj_report_style_change
                0x038073c0                lv_obj_enable_style_refresh
                0x038073d0                lv_obj_get_style_prop
                0x03807638                lv_obj_set_local_style_prop
                0x038077a8                lv_obj_set_local_style_prop_meta
                0x038077e8                lv_obj_get_local_style_prop
                0x03807844                lv_obj_remove_local_style_prop
                0x038078b4                _lv_obj_style_create_transition
                0x03807f60                _lv_obj_style_apply_color_filter
                0x03807fd0                _lv_obj_style_state_compare
                0x03808378                lv_obj_fade_in
                0x03808404                lv_obj_fade_out
                0x03808478                lv_obj_calculate_style_text_align
 .text          0x038084b4      0xae4 .\libv5lvgl.a(lv_group.o)
                0x038084b4                _lv_group_init
                0x038084c4                lv_group_create
                0x0380851c                lv_group_del
                0x03808698                lv_group_set_default
                0x038086a8                lv_group_get_default
                0x038086b8                lv_group_add_obj
                0x0380882c                lv_group_swap_obj
                0x038088dc                lv_group_focus_obj
                0x038089ec                lv_group_remove_obj
                0x03808b08                lv_group_remove_all_objs
                0x03808b98                lv_group_set_editing
                0x03808c00                lv_group_focus_next
                0x03808e2c                lv_group_focus_prev
                0x03808e74                lv_group_focus_freeze
                0x03808e8c                lv_group_send_data
                0x03808ef4                lv_group_get_focused
                0x03808f10                lv_group_set_focus_cb
                0x03808f18                lv_group_set_edge_cb
                0x03808f20                lv_group_set_refocus_policy
                0x03808f38                lv_group_set_wrap
                0x03808f4c                lv_group_get_focus_cb
                0x03808f5c                lv_group_get_edge_cb
                0x03808f6c                lv_group_get_editing
                0x03808f80                lv_group_get_wrap
                0x03808f94                lv_group_get_obj_count
 .text          0x03808f98      0x9c0 .\libv5lvgl.a(lv_event.o)
                0x03808f98                lv_event_send
                0x038092c4                lv_obj_event_base
                0x03809324                lv_event_get_target
                0x0380932c                lv_event_get_current_target
                0x03809334                lv_event_get_code
                0x03809340                lv_event_get_param
                0x03809348                lv_event_get_user_data
                0x03809350                lv_event_stop_bubbling
                0x03809360                lv_event_stop_processing
                0x03809370                lv_event_register_id
                0x03809388                _lv_event_mark_deleted
                0x038093c4                lv_obj_add_event_cb
                0x03809488                lv_obj_remove_event_cb
                0x03809590                lv_obj_remove_event_cb_with_user_data
                0x038096b4                lv_obj_remove_event_dsc
                0x038097c8                lv_obj_get_event_user_data
                0x03809818                lv_event_get_indev
                0x03809838                lv_event_get_draw_part_dsc
                0x03809854                lv_event_get_draw_ctx
                0x03809874                lv_event_get_old_size
                0x0380988c                lv_event_get_key
                0x038098b0                lv_event_get_scroll_anim
                0x038098c8                lv_event_set_ext_draw_size
                0x038098ec                lv_event_get_self_size_info
                0x03809904                lv_event_get_hit_test_info
                0x0380991c                lv_event_get_cover_area
                0x03809938                lv_event_set_cover_res
 .text          0x03809958     0x1a30 .\libv5lvgl.a(lv_refr.o)
                0x03809958                _lv_refr_init
                0x0380995c                lv_refr_now
                0x038099c0                _lv_disp_refr_timer
                0x0380a0d0                lv_obj_redraw
                0x0380a678                _lv_inv_area
                0x0380a828                _lv_refr_get_disp_refreshing
                0x0380a838                _lv_refr_set_disp_refreshing
 .text          0x0380b388      0xbe8 .\libv5lvgl.a(lv_obj_draw.o)
                0x0380b388                lv_obj_init_draw_rect_dsc
                0x0380b820                lv_obj_init_draw_label_dsc
                0x0380b954                lv_obj_init_draw_img_dsc
                0x0380ba84                lv_obj_init_draw_line_dsc
                0x0380bbc4                lv_obj_init_draw_arc_dsc
                0x0380bce4                lv_obj_calculate_ext_draw_size
                0x0380be64                lv_obj_draw_dsc_init
                0x0380be84                lv_obj_draw_part_check_type
                0x0380beac                lv_obj_refresh_ext_draw_size
                0x0380bf40                _lv_obj_get_ext_draw_size
                0x0380bf58                _lv_obj_get_layer_type
 .text          0x0380bf70     0x1664 .\libv5lvgl.a(lv_indev.o)
                0x0380bf70                lv_indev_read_timer_cb
                0x0380caac                lv_indev_enable
                0x0380cb08                lv_indev_get_act
                0x0380cb18                lv_indev_get_type
                0x0380cb2c                lv_indev_reset
                0x0380cc60                lv_indev_reset_long_press
                0x0380cc8c                lv_indev_set_cursor
                0x0380ccf0                lv_indev_set_group
                0x0380cd08                lv_indev_set_button_points
                0x0380cd1c                lv_indev_get_point
                0x0380cd68                lv_indev_get_gesture_dir
                0x0380cd74                lv_indev_get_key
                0x0380cd90                lv_indev_get_scroll_dir
                0x0380cdbc                lv_indev_get_scroll_obj
                0x0380cde4                lv_indev_get_vect
                0x0380ce1c                lv_indev_wait_release
                0x0380ce30                lv_indev_get_obj_act
                0x0380ce40                lv_indev_get_read_timer
                0x0380ce50                lv_indev_search_obj
 .text          0x0380d5d4      0x340 .\libv5lvgl.a(lv_obj_class.o)
                0x0380d5d4                lv_obj_class_create_obj
                0x0380d75c                lv_obj_class_init_obj
                0x0380d86c                lv_obj_is_group_def
                0x0380d8a0                _lv_obj_destruct
                0x0380d8e0                lv_obj_is_editable
 .text          0x0380d914      0xaa4 .\libv5lvgl.a(lv_disp.o)
                0x0380d914                lv_disp_get_scr_act
                0x0380d940                lv_disp_get_scr_prev
                0x0380d96c                lv_disp_load_scr
                0x0380d998                lv_scr_load_anim
                0x0380de34                lv_disp_get_layer_top
                0x0380de60                lv_disp_get_layer_sys
                0x0380de8c                lv_disp_set_theme
                0x0380df14                lv_disp_get_theme
                0x0380df34                lv_disp_set_bg_color
                0x0380dfb4                lv_disp_set_bg_image
                0x0380e034                lv_disp_set_bg_opa
                0x0380e24c                lv_disp_get_inactive_time
                0x0380e2b0                lv_disp_trig_activity
                0x0380e2e0                lv_disp_clean_dcache
                0x0380e318                lv_disp_enable_invalidation
                0x0380e354                lv_disp_is_invalidation_enabled
                0x0380e38c                _lv_disp_get_refr_timer
 .text          0x0380e3b8      0x54c .\libv5lvgl.a(lv_draw_img.o)
                0x0380e3b8                lv_draw_img_dsc_init
                0x0380e3f4                lv_draw_img
                0x0380e800                lv_img_cf_get_px_size
                0x0380e86c                lv_img_cf_is_chroma_keyed
                0x0380e884                lv_img_cf_has_alpha
                0x0380e8a4                lv_img_src_get_type
                0x0380e8d8                lv_draw_img_decoded
 .text          0x0380e904     0x23b0 .\libv5lvgl.a(lv_draw_mask.o)
                0x0380e904                lv_draw_mask_add
                0x0380e94c                lv_draw_mask_apply
                0x0380e9e0                lv_draw_mask_apply_ids
                0x0380eaa0                lv_draw_mask_remove_id
                0x0380eac8                lv_draw_mask_remove_custom
                0x0380eb14                lv_draw_mask_free_param
                0x0380eb7c                _lv_draw_mask_cleanup
                0x0380ebbc                lv_draw_mask_get_cnt
                0x0380ebec                lv_draw_mask_is_any
                0x0380ec88                lv_draw_mask_line_points_init
                0x0380f530                lv_draw_mask_line_angle_init
                0x0380f598                lv_draw_mask_angle_init
                0x0380fa70                lv_draw_mask_radius_init
                0x038104e4                lv_draw_mask_fade_init
                0x038106e8                lv_draw_mask_map_init
                0x03810808                lv_draw_mask_polygon_init
 .text          0x03810cb4       0xa8 .\libv5lvgl.a(lv_img_cache.o)
                0x03810cb4                _lv_img_cache_open
                0x03810d54                lv_img_cache_set_size
                0x03810d58                lv_img_cache_invalidate_src
 .text          0x03810d5c       0x14 .\libv5lvgl.a(lv_draw.o)
                0x03810d5c                lv_draw_init
                0x03810d60                lv_draw_wait_for_finish
 .text          0x03810d70      0x150 .\libv5lvgl.a(lv_draw_layer.o)
                0x03810d70                lv_draw_layer_create
                0x03810e30                lv_draw_layer_adjust
                0x03810e40                lv_draw_layer_blend
                0x03810e50                lv_draw_layer_destroy
 .text          0x03810ec0       0xb8 .\libv5lvgl.a(lv_draw_rect.o)
                0x03810ec0                lv_draw_rect_dsc_init
                0x03810f34                lv_draw_rect
 .text          0x03810f78      0x914 .\libv5lvgl.a(lv_draw_label.o)
                0x03810f78                lv_draw_label_dsc_init
                0x03810fd8                lv_draw_label
                0x03811884                lv_draw_letter
 .text          0x0381188c      0xc3c .\libv5lvgl.a(lv_img_decoder.o)
                0x0381188c                _lv_img_decoder_init
                0x038118e4                lv_img_decoder_create
                0x03811918                lv_img_decoder_set_info_cb
                0x03811920                lv_img_decoder_built_in_info
                0x03811a44                lv_img_decoder_set_open_cb
                0x03811a4c                lv_img_decoder_built_in_open
                0x03811d0c                lv_img_decoder_set_read_line_cb
                0x03811d14                lv_img_decoder_built_in_read_line
                0x03812178                lv_img_decoder_set_close_cb
                0x03812180                lv_img_decoder_built_in_close
                0x038121e0                lv_img_decoder_get_info
                0x03812294                lv_img_decoder_open
                0x03812408                lv_img_decoder_read_line
                0x03812454                lv_img_decoder_close
                0x038124a0                lv_img_decoder_delete
 .text          0x038124c8       0x54 .\libv5lvgl.a(lv_draw_line.o)
                0x038124c8                lv_draw_line_dsc_init
                0x038124f8                lv_draw_line
 .text          0x0381251c      0x9cc .\libv5lvgl.a(lv_img_buf.o)
                0x0381251c                lv_img_buf_get_px_color
                0x038126b8                lv_img_buf_get_px_alpha
                0x038127e0                lv_img_buf_set_px_alpha
                0x03812914                lv_img_buf_set_px_color
                0x03812af0                lv_img_buf_set_palette
                0x03812b74                lv_img_buf_alloc
                0x03812c1c                lv_img_buf_get_img_size
                0x03812d50                lv_img_buf_free
                0x03812d80                _lv_img_buf_get_transformed_area
 .text          0x03812ee8       0x14 .\libv5lvgl.a(lv_extra.o)
                0x03812ee8                lv_extra_init
 .text          0x03812efc      0x424 .\libv5lvgl.a(lv_font_fmt_txt.o)
                0x03812efc                lv_font_get_bitmap_fmt_txt
                0x038130ec                lv_font_get_glyph_dsc_fmt_txt
                0x038132d4                _lv_font_clean_up_fmt_txt
 .text          0x03813320      0x174 .\libv5lvgl.a(lv_font.o)
                0x03813320                lv_font_get_glyph_bitmap
                0x03813334                lv_font_get_glyph_dsc
                0x03813460                lv_font_get_glyph_width
 .text          0x03813494      0x25c .\libv5lvgl.a(lv_hal_indev.o)
                0x03813494                lv_indev_drv_init
                0x038134cc                lv_indev_drv_register
                0x03813554                lv_indev_drv_update
                0x038135f8                lv_indev_delete
                0x03813650                lv_indev_get_next
                0x03813674                _lv_indev_read
 .text          0x038136f0      0xc50 .\libv5lvgl.a(lv_hal_disp.o)
                0x038136f0                lv_disp_drv_init
                0x03813764                lv_disp_draw_buf_init
                0x03813794                lv_disp_drv_register
                0x03813974                lv_disp_drv_update
                0x03813abc                lv_disp_get_hor_res
                0x03813b08                lv_disp_get_ver_res
                0x03813b68                lv_disp_remove
                0x03813c38                lv_disp_get_default
                0x03813c48                lv_disp_set_default
                0x03813c58                lv_disp_get_physical_hor_res
                0x03813cbc                lv_disp_get_physical_ver_res
                0x03813d20                lv_disp_get_offset_x
                0x03813d98                lv_disp_get_offset_y
                0x03813e10                lv_disp_get_antialiasing
                0x03813e40                lv_disp_get_dpi
                0x03813e70                lv_disp_flush_ready
                0x03813e84                lv_disp_flush_is_last
                0x03813e98                lv_disp_get_next
                0x03813ebc                lv_disp_get_draw_buf
                0x03813ec8                lv_disp_set_rotation
                0x03813f04                lv_disp_get_rotation
                0x03813f34                lv_disp_drv_use_generic_set_px_cb
 .text          0x03814340       0x84 .\libv5lvgl.a(lv_hal_tick.o)
                0x03814340                lv_tick_inc
                0x03814368                lv_tick_get
                0x03814394                lv_tick_elaps
 .text          0x038143c4      0x484 .\libv5lvgl.a(lv_color.o)
                0x038143c4                lv_color_fill
                0x03814438                lv_color_lighten
                0x0381448c                lv_color_darken
                0x038144d4                lv_color_change_lightness
                0x03814540                lv_color_hsv_to_rgb
                0x03814684                lv_color_rgb_to_hsv
                0x038147bc                lv_color_to_hsv
                0x038147d0                lv_palette_main
                0x038147ec                lv_palette_lighten
                0x0381481c                lv_palette_darken
 .text          0x03814848      0x134 .\libv5lvgl.a(lv_async.o)
                0x03814848                lv_async_call
                0x038148e0                lv_async_call_cancel
 .text          0x0381497c      0x12c .\libv5lvgl.a(lv_gc.o)
                0x0381497c                _lv_gc_clear_roots
 .text          0x03814aa8      0x9cc .\libv5lvgl.a(lv_anim.o)
                0x03814aa8                _lv_anim_core_init
                0x03814dd0                lv_anim_init
                0x03814e20                lv_anim_path_linear
                0x03814e68                lv_anim_start
                0x03814f54                lv_anim_del
                0x03815004                lv_anim_get_playtime
                0x03815078                lv_anim_del_all
                0x03815094                lv_anim_get
                0x03815100                lv_anim_get_timer
                0x03815110                lv_anim_count_running
                0x03815164                lv_anim_speed_to_time
                0x03815198                lv_anim_refr_now
                0x038151a0                lv_anim_path_ease_in
                0x038151fc                lv_anim_path_ease_out
                0x03815258                lv_anim_path_ease_in_out
                0x038152b4                lv_anim_path_overshoot
                0x03815310                lv_anim_path_bounce
                0x03815458                lv_anim_path_step
 .text          0x03815474      0xd58 .\libv5lvgl.a(lv_area.o)
                0x03815474                lv_area_set
                0x0381548c                lv_area_set_width
                0x038154a0                lv_area_set_height
                0x038154b4                _lv_area_set_pos
                0x038154f0                lv_area_get_size
                0x03815518                lv_area_increase
                0x03815554                lv_area_move
                0x03815590                _lv_area_intersect
                0x03815608                _lv_area_join
                0x0381565c                _lv_area_is_point_on
                0x038157e0                _lv_area_is_on
                0x03815830                _lv_area_is_in
                0x03815924                _lv_area_is_out
                0x03815a18                _lv_area_is_equal
                0x03815a68                lv_area_align
                0x03815ff8                lv_point_transform
 .text          0x038161cc      0x36c .\libv5lvgl.a(lv_math.o)
                0x038161cc                lv_trigo_sin
                0x03816260                lv_bezier3
                0x038162c4                lv_sqrt
                0x03816310                lv_atan2
                0x03816414                lv_pow
                0x0381648c                lv_map
                0x038164fc                lv_rand
 .text          0x03816538      0x9d0 .\libv5lvgl.a(lv_fs.o)
                0x03816538                _lv_fs_init
                0x03816548                lv_fs_is_ready
                0x03816580                lv_fs_get_drv
                0x038165d8                lv_fs_open
                0x038166c8                lv_fs_close
                0x03816754                lv_fs_read
                0x038169c8                lv_fs_write
                0x03816a48                lv_fs_seek
                0x03816b68                lv_fs_tell
                0x03816bcc                lv_fs_dir_open
                0x03816c74                lv_fs_dir_read
                0x03816cc0                lv_fs_dir_close
                0x03816d14                lv_fs_drv_init
                0x03816d1c                lv_fs_drv_register
                0x03816d44                lv_fs_get_letters
                0x03816db4                lv_fs_get_ext
                0x03816e0c                lv_fs_up
                0x03816e94                lv_fs_get_last
 .text          0x03816f08      0x428 .\libv5lvgl.a(lv_ll.o)
                0x03816f08                _lv_ll_init
                0x03816f20                _lv_ll_ins_head
                0x03816f78                _lv_ll_ins_prev
                0x03816ffc                _lv_ll_get_head
                0x0381700c                _lv_ll_get_prev
                0x03817018                _lv_ll_ins_tail
                0x03817070                _lv_ll_remove
                0x03817100                _lv_ll_get_next
                0x03817110                _lv_ll_get_tail
                0x03817120                _lv_ll_clear
                0x0381716c                _lv_ll_chg_list
                0x03817228                _lv_ll_get_len
                0x03817260                _lv_ll_move_before
                0x03817308                _lv_ll_is_empty
 .text          0x03817330      0x3f0 .\libv5lvgl.a(lv_style_gen.o)
                0x03817330                lv_style_set_width
                0x0381733c                lv_style_set_min_width
                0x03817348                lv_style_set_max_width
                0x03817354                lv_style_set_height
                0x03817360                lv_style_set_min_height
                0x0381736c                lv_style_set_max_height
                0x03817378                lv_style_set_x
                0x03817384                lv_style_set_y
                0x03817390                lv_style_set_align
                0x0381739c                lv_style_set_transform_width
                0x038173a8                lv_style_set_transform_height
                0x038173b4                lv_style_set_translate_x
                0x038173c0                lv_style_set_translate_y
                0x038173cc                lv_style_set_transform_zoom
                0x038173d8                lv_style_set_transform_angle
                0x038173e4                lv_style_set_transform_pivot_x
                0x038173f0                lv_style_set_transform_pivot_y
                0x038173fc                lv_style_set_pad_top
                0x03817408                lv_style_set_pad_bottom
                0x03817414                lv_style_set_pad_left
                0x03817420                lv_style_set_pad_right
                0x0381742c                lv_style_set_pad_row
                0x03817438                lv_style_set_pad_column
                0x03817444                lv_style_set_bg_color
                0x03817450                lv_style_set_bg_opa
                0x0381745c                lv_style_set_bg_grad_color
                0x03817468                lv_style_set_bg_grad_dir
                0x03817474                lv_style_set_bg_main_stop
                0x03817480                lv_style_set_bg_grad_stop
                0x0381748c                lv_style_set_bg_grad
                0x03817498                lv_style_set_bg_dither_mode
                0x038174a4                lv_style_set_bg_img_src
                0x038174b0                lv_style_set_bg_img_opa
                0x038174bc                lv_style_set_bg_img_recolor
                0x038174c8                lv_style_set_bg_img_recolor_opa
                0x038174d4                lv_style_set_bg_img_tiled
                0x038174e0                lv_style_set_border_color
                0x038174ec                lv_style_set_border_opa
                0x038174f8                lv_style_set_border_width
                0x03817504                lv_style_set_border_side
                0x03817510                lv_style_set_border_post
                0x0381751c                lv_style_set_outline_width
                0x03817528                lv_style_set_outline_color
                0x03817534                lv_style_set_outline_opa
                0x03817540                lv_style_set_outline_pad
                0x0381754c                lv_style_set_shadow_width
                0x03817558                lv_style_set_shadow_ofs_x
                0x03817564                lv_style_set_shadow_ofs_y
                0x03817570                lv_style_set_shadow_spread
                0x0381757c                lv_style_set_shadow_color
                0x03817588                lv_style_set_shadow_opa
                0x03817594                lv_style_set_img_opa
                0x038175a0                lv_style_set_img_recolor
                0x038175ac                lv_style_set_img_recolor_opa
                0x038175b8                lv_style_set_line_width
                0x038175c4                lv_style_set_line_dash_width
                0x038175d0                lv_style_set_line_dash_gap
                0x038175dc                lv_style_set_line_rounded
                0x038175e8                lv_style_set_line_color
                0x038175f4                lv_style_set_line_opa
                0x03817600                lv_style_set_arc_width
                0x0381760c                lv_style_set_arc_rounded
                0x03817618                lv_style_set_arc_color
                0x03817624                lv_style_set_arc_opa
                0x03817630                lv_style_set_arc_img_src
                0x0381763c                lv_style_set_text_color
                0x03817648                lv_style_set_text_opa
                0x03817654                lv_style_set_text_font
                0x03817660                lv_style_set_text_letter_space
                0x0381766c                lv_style_set_text_line_space
                0x03817678                lv_style_set_text_decor
                0x03817684                lv_style_set_text_align
                0x03817690                lv_style_set_radius
                0x0381769c                lv_style_set_clip_corner
                0x038176a8                lv_style_set_opa
                0x038176b4                lv_style_set_color_filter_dsc
                0x038176c0                lv_style_set_color_filter_opa
                0x038176cc                lv_style_set_anim
                0x038176d8                lv_style_set_anim_time
                0x038176e4                lv_style_set_anim_speed
                0x038176f0                lv_style_set_transition
                0x038176fc                lv_style_set_blend_mode
                0x03817708                lv_style_set_layout
                0x03817714                lv_style_set_base_dir
 .text          0x03817720      0x9e4 .\libv5lvgl.a(lv_mem.o)
                0x03817720                lv_mem_init
                0x03817748                lv_mem_deinit
                0x03817778                lv_mem_alloc
                0x038177ec                lv_mem_free
                0x03817844                lv_mem_realloc
                0x03817898                lv_mem_test
                0x038178f4                lv_mem_monitor
                0x03817988                lv_memset
                0x03817abc                lv_mem_buf_get
                0x03817bc8                lv_mem_buf_release
                0x03817c0c                lv_mem_buf_free_all
                0x03817c94                lv_memcpy
                0x03817f14                lv_memset_00
                0x03818004                lv_memset_ff
 .text          0x03818104      0x430 .\libv5lvgl.a(lv_timer.o)
                0x03818104                _lv_timer_core_init
                0x03818130                lv_timer_enable
                0x03818140                lv_timer_handler
                0x038183d4                lv_timer_create_basic
                0x038183e4                lv_timer_create
                0x03818454                lv_timer_set_cb
                0x0381845c                lv_timer_del
                0x03818494                lv_timer_pause
                0x038184a4                lv_timer_resume
                0x038184b4                lv_timer_set_period
                0x038184bc                lv_timer_ready
                0x038184e0                lv_timer_set_repeat_count
                0x038184e8                lv_timer_reset
                0x03818500                lv_timer_get_idle
                0x03818510                lv_timer_get_next
 .text          0x03818534      0xdcc .\libv5lvgl.a(lv_txt.o)
                0x038189cc                lv_txt_get_size
                0x03818b10                _lv_txt_get_next_line
                0x03818f78                lv_txt_get_width
                0x038190b8                _lv_txt_encoded_letter_next_2
                0x03819114                _lv_txt_is_cmd
                0x03819178                _lv_txt_ins
                0x03819218                _lv_txt_cut
                0x03819290                _lv_txt_set_text_vfmt
 .text          0x03819300      0x8d0 .\libv5lvgl.a(lv_style.o)
                0x03819300                lv_style_init
                0x03819308                lv_style_reset
                0x0381934c                lv_style_register_prop
                0x0381943c                lv_style_get_num_custom_props
                0x03819454                lv_style_remove_prop
                0x038195a0                lv_style_set_prop
                0x03819720                lv_style_set_prop_meta
                0x03819874                lv_style_get_prop
                0x0381999c                lv_style_transition_dsc_init
                0x038199e4                lv_style_prop_get_default
                0x03819b40                lv_style_is_empty
                0x03819b50                _lv_style_get_prop_group
                0x03819b60                _lv_style_prop_lookup_flags
 .text          0x03819bd0       0x7c .\libv5lvgl.a(lv_utils.o)
                0x03819bd0                _lv_utils_bsearch
 *fill*         0x03819c4c        0x4 
 .text          0x03819c50     0x1bd4 .\libv5lvgl.a(lv_label.o)
                0x0381a1bc                lv_label_create
                0x0381a1e4                lv_label_set_text
                0x0381aa28                lv_label_set_text_fmt
                0x0381aab4                lv_label_set_text_static
                0x0381ab08                lv_label_set_long_mode
                0x0381ac34                lv_label_set_recolor
                0x0381ac54                lv_label_set_text_sel_start
                0x0381ac5c                lv_label_set_text_sel_end
                0x0381ac64                lv_label_get_text
                0x0381ac6c                lv_label_get_long_mode
                0x0381ac78                lv_label_get_recolor
                0x0381ac84                lv_label_get_letter_pos
                0x0381afec                lv_label_get_letter_on
                0x0381b398                lv_label_is_char_under_pos
                0x0381b6dc                lv_label_get_text_selection_start
                0x0381b6e4                lv_label_get_text_selection_end
                0x0381b6ec                lv_label_ins_text
                0x0381b79c                lv_label_cut_text
 .text          0x0381b824     0x180c .\libv5lvgl.a(lv_dropdown.o)
                0x0381c18c                lv_dropdown_create
                0x0381c1b4                lv_dropdown_set_text
                0x0381c1c8                lv_dropdown_set_options
                0x0381c2a4                lv_dropdown_set_options_static
                0x0381c350                lv_dropdown_add_option
                0x0381c560                lv_dropdown_clear_options
                0x0381c5c0                lv_dropdown_set_selected
                0x0381c5e4                lv_dropdown_set_dir
                0x0381c608                lv_dropdown_set_symbol
                0x0381c610                lv_dropdown_set_selected_highlight
                0x0381c634                lv_dropdown_get_list
                0x0381c63c                lv_dropdown_get_text
                0x0381c644                lv_dropdown_get_options
                0x0381c65c                lv_dropdown_get_selected
                0x0381c664                lv_dropdown_get_option_cnt
                0x0381c66c                lv_dropdown_get_selected_str
                0x0381c754                lv_dropdown_get_option_index
                0x0381c804                lv_dropdown_get_symbol
                0x0381c80c                lv_dropdown_get_selected_highlight
                0x0381c818                lv_dropdown_get_dir
                0x0381c824                lv_dropdown_open
                0x0381cc14                lv_dropdown_close
                0x0381cc50                lv_dropdown_is_open
 .text          0x0381d030       0x50 .\libv5lvgl.a(lv_btn.o)
                0x0381d058                lv_btn_create
 .text          0x0381d080      0x190 .\libv5lvgl.a(lv_draw_sw.o)
                0x0381d080                lv_draw_sw_init_ctx
                0x0381d158                lv_draw_sw_wait_for_finish
                0x0381d15c                lv_draw_sw_buffer_copy
                0x0381d204                lv_draw_sw_deinit_ctx
 .text          0x0381d210      0x2c8 .\libv5lvgl.a(lv_draw_sw_layer.o)
                0x0381d210                lv_draw_sw_layer_create
                0x0381d374                lv_draw_sw_layer_adjust
                0x0381d3f4                lv_draw_sw_layer_blend
                0x0381d4d0                lv_draw_sw_layer_destroy
 .text          0x0381d4d8      0x978 .\libv5lvgl.a(lv_draw_sw_transform.o)
                0x0381d4d8                lv_draw_sw_transform
 .text          0x0381de50      0x5c0 .\libv5lvgl.a(lv_draw_sw_letter.o)
                0x0381de50                lv_draw_sw_letter
 .text          0x0381e410      0xb34 .\libv5lvgl.a(lv_draw_sw_line.o)
                0x0381e410                lv_draw_sw_line
 .text          0x0381ef44      0x768 .\libv5lvgl.a(lv_draw_sw_img.o)
                0x0381ef44                lv_draw_sw_img_decoded
 .text          0x0381f6ac     0x1304 .\libv5lvgl.a(lv_flex.o)
                0x0381f6ac                lv_flex_init
                0x0381fcc8                lv_obj_set_flex_flow
                0x0381fd0c                lv_obj_set_style_flex_flow
                0x0381fd24                lv_obj_set_flex_align
                0x0381fda8                lv_obj_set_style_flex_main_place
                0x0381fdc0                lv_obj_set_style_flex_cross_place
                0x0381fdd8                lv_obj_set_style_flex_track_place
                0x0381fdf0                lv_obj_set_flex_grow
                0x0381fe28                lv_obj_set_style_flex_grow
                0x0381fe40                lv_style_set_flex_flow
                0x0381fe54                lv_style_set_flex_main_place
                0x0381fe68                lv_style_set_flex_cross_place
                0x0381fe7c                lv_style_set_flex_track_place
                0x0381fe90                lv_style_set_flex_grow
 .text          0x038209b0     0x13e4 .\libv5lvgl.a(lv_grid.o)
                0x038209b0                lv_grid_init
                0x03821878                lv_obj_set_grid_dsc_array
                0x038218dc                lv_obj_set_style_grid_column_dsc_array
                0x038218f4                lv_obj_set_style_grid_row_dsc_array
                0x0382190c                lv_obj_set_grid_align
                0x03821958                lv_obj_set_style_grid_column_align
                0x03821970                lv_obj_set_style_grid_row_align
                0x03821988                lv_obj_set_grid_cell
                0x03821a50                lv_obj_set_style_grid_cell_column_pos
                0x03821a68                lv_obj_set_style_grid_cell_row_pos
                0x03821a80                lv_obj_set_style_grid_cell_x_align
                0x03821a98                lv_obj_set_style_grid_cell_column_span
                0x03821ab0                lv_obj_set_style_grid_cell_row_span
                0x03821ac8                lv_obj_set_style_grid_cell_y_align
                0x03821ae0                lv_style_set_grid_row_dsc_array
                0x03821af4                lv_style_set_grid_column_dsc_array
                0x03821b08                lv_style_set_grid_row_align
                0x03821b1c                lv_style_set_grid_column_align
                0x03821b30                lv_style_set_grid_cell_column_pos
                0x03821b44                lv_style_set_grid_cell_column_span
                0x03821b58                lv_style_set_grid_cell_row_pos
                0x03821b6c                lv_style_set_grid_cell_row_span
                0x03821b80                lv_style_set_grid_cell_x_align
                0x03821b94                lv_style_set_grid_cell_y_align
 .text          0x03821d94     0x5e00 .\libv5lvgl.a(lv_theme_default.o)
                0x03821d94                lv_theme_default_init
                0x03821e8c                lv_theme_default_is_inited
                0x03827abc                lv_theme_default_get
 .text          0x03827b94      0x1f0 .\libv5lvgl.a(lv_calendar_header_dropdown.o)
                0x03827c68                lv_calendar_header_dropdown_create
 .text          0x03827d84      0x27c .\libv5lvgl.a(lv_calendar_header_arrow.o)
                0x03827ed4                lv_calendar_header_arrow_create
 .text          0x03828000      0x8b0 .\libv5lvgl.a(lv_calendar.o)
                0x03828138                lv_calendar_create
                0x03828160                lv_calendar_set_day_names
                0x03828180                lv_calendar_set_today_date
                0x038282e0                lv_calendar_set_highlighted_dates
                0x038282f8                lv_calendar_set_showed_date
                0x038286e4                lv_calendar_get_btnmatrix
                0x038286ec                lv_calendar_get_today_date
                0x038286f4                lv_calendar_get_showed_date
                0x038286fc                lv_calendar_get_highlighted_dates
                0x03828704                lv_calendar_get_highlighted_dates_num
                0x0382870c                lv_calendar_get_pressed_date
 .text          0x038288b0     0x3788 .\libv5lvgl.a(lv_chart.o)
                0x0382a65c                lv_chart_create
                0x0382a684                lv_chart_set_type
                0x0382a764                lv_chart_refresh
                0x0382a768                lv_chart_set_point_count
                0x0382a988                lv_chart_set_range
                0x0382a9e8                lv_chart_set_update_mode
                0x0382aa0c                lv_chart_set_div_line_count
                0x0382aa30                lv_chart_set_zoom_x
                0x0382aa6c                lv_chart_set_zoom_y
                0x0382aaa8                lv_chart_get_zoom_x
                0x0382aab0                lv_chart_get_zoom_y
                0x0382aab8                lv_chart_set_axis_tick
                0x0382ab54                get_tick_gsc
                0x0382aba0                lv_chart_get_type
                0x0382abac                lv_chart_get_point_count
                0x0382abb4                lv_chart_get_x_start_point
                0x0382abc4                lv_chart_get_point_pos_by_id
                0x0382ae70                lv_chart_add_series
                0x0382af68                lv_chart_remove_series
                0x0382afb8                lv_chart_hide_series
                0x0382afd8                lv_chart_set_series_color
                0x0382afec                lv_chart_set_x_start_point
                0x0382b008                lv_chart_get_series_next
                0x0382b01c                lv_chart_add_cursor
                0x0382b06c                lv_chart_set_cursor_pos
                0x0382b098                lv_chart_set_cursor_point
                0x0382b0e8                lv_chart_get_cursor_point
                0x0382b0f8                lv_chart_set_all_value
                0x0382b144                lv_chart_set_next_value
                0x0382b424                lv_chart_set_next_value2
                0x0382b490                lv_chart_set_value_by_id
                0x0382b4bc                lv_chart_set_value_by_id2
                0x0382b518                lv_chart_set_ext_y_array
                0x0382b570                lv_chart_set_ext_x_array
                0x0382b5c8                lv_chart_get_y_array
                0x0382b5d8                lv_chart_get_x_array
                0x0382b5e8                lv_chart_get_pressed_point
 .text          0x0382c038     0x102c .\libv5lvgl.a(lv_colorwheel.o)
                0x0382cc40                lv_colorwheel_create
                0x0382cc78                lv_colorwheel_set_hsv
                0x0382ce18                lv_colorwheel_set_rgb
                0x0382ce48                lv_colorwheel_set_mode
                0x0382ce7c                lv_colorwheel_set_mode_fixed
                0x0382ce90                lv_colorwheel_get_hsv
                0x0382ce98                lv_colorwheel_get_rgb
                0x0382cea8                lv_colorwheel_get_color_mode
                0x0382ceb4                lv_colorwheel_get_color_mode_fixed
 .text          0x0382d064      0x584 .\libv5lvgl.a(lv_keyboard.o)
                0x0382d0f4                lv_keyboard_create
                0x0382d11c                lv_keyboard_set_textarea
                0x0382d164                lv_keyboard_set_mode
                0x0382d1a0                lv_keyboard_set_popovers
                0x0382d270                lv_keyboard_set_map
                0x0382d2b0                lv_keyboard_get_textarea
                0x0382d2b8                lv_keyboard_get_mode
                0x0382d2c0                lv_btnmatrix_get_popovers
                0x0382d2cc                lv_keyboard_def_event_cb
 .text          0x0382d5e8      0x540 .\libv5lvgl.a(lv_led.o)
                0x0382da8c                lv_led_create
                0x0382dab4                lv_led_set_color
                0x0382dabc                lv_led_set_brightness
                0x0382dad8                lv_led_on
                0x0382daf0                lv_led_off
                0x0382db08                lv_led_toggle
                0x0382db20                lv_led_get_brightness
 .text          0x0382db28      0xc98 .\libv5lvgl.a(lv_menu.o)
                0x0382ddc8                lv_menu_create
                0x0382ddf0                lv_menu_page_create
                0x0382de58                lv_menu_cont_create
                0x0382de80                lv_menu_section_create
                0x0382dea8                lv_menu_separator_create
                0x0382ded0                lv_menu_set_page
                0x0382e03c                lv_menu_clear_history
                0x0382e118                lv_menu_set_sidebar_page
                0x0382e4c0                lv_menu_set_mode_header
                0x0382e510                lv_menu_set_mode_root_back_btn
                0x0382e534                lv_menu_set_load_page_event
                0x0382e6c4                lv_menu_get_cur_main_page
                0x0382e6cc                lv_menu_get_cur_sidebar_page
                0x0382e6d4                lv_menu_get_main_header
                0x0382e6dc                lv_menu_get_main_header_back_btn
                0x0382e6e4                lv_menu_get_sidebar_header
                0x0382e6ec                lv_menu_get_sidebar_header_back_btn
                0x0382e6f4                lv_menu_back_btn_is_root
 .text          0x0382e7c0     0x140c .\libv5lvgl.a(lv_meter.o)
                0x0382f444                lv_meter_create
                0x0382f46c                lv_meter_add_scale
                0x0382f4d4                lv_meter_set_scale_ticks
                0x0382f4fc                lv_meter_set_scale_major_ticks
                0x0382f52c                lv_meter_set_scale_range
                0x0382f554                lv_meter_add_needle_line
                0x0382f5b8                lv_meter_add_needle_img
                0x0382f61c                lv_meter_add_arc
                0x0382f680                lv_meter_add_scale_lines
                0x0382f700                lv_meter_set_indicator_value
                0x0382faec                lv_meter_set_indicator_start_value
                0x0382fb5c                lv_meter_set_indicator_end_value
 *fill*         0x0382fbcc        0x4 
 .text          0x0382fbd0      0x72c .\libv5lvgl.a(lv_spinbox.o)
                0x0382fe9c                lv_spinbox_create
                0x0382fec4                lv_spinbox_set_value
                0x03830084                lv_spinbox_set_rollover
                0x0383009c                lv_spinbox_set_digit_format
                0x03830114                lv_spinbox_set_step
                0x0383011c                lv_spinbox_set_range
                0x03830150                lv_spinbox_set_cursor_pos
                0x038301b4                lv_spinbox_set_digit_step_direction
                0x038301d0                lv_spinbox_get_value
                0x038301d8                lv_spinbox_get_step
                0x038301e0                lv_spinbox_step_next
                0x03830208                lv_spinbox_step_prev
                0x03830238                lv_spinbox_get_rollover
                0x03830244                lv_spinbox_increment
                0x038302a0                lv_spinbox_decrement
 .text          0x038302fc      0x120 .\libv5lvgl.a(lv_spinner.o)
                0x038303c8                lv_spinner_create
 .text          0x0383041c      0x804 .\libv5lvgl.a(lv_tabview.o)
                0x03830710                lv_tabview_create
                0x03830754                lv_tabview_add_tab
                0x03830950                lv_tabview_get_content
                0x03830958                lv_tabview_get_tab_btns
                0x03830960                lv_tabview_set_act
                0x03830a58                lv_tabview_rename_tab
                0x03830ac8                lv_tabview_get_tab_act
 .text          0x03830c20      0x3c0 .\libv5lvgl.a(lv_tileview.o)
                0x03830d1c                lv_tileview_create
                0x03830d44                lv_tileview_add_tile
                0x03830d94                lv_obj_set_tile
                0x03830de8                lv_obj_set_tile_id
                0x03830ea8                lv_tileview_get_tile_act
 .text          0x03830fe0      0x194 .\libv5lvgl.a(lv_win.o)
                0x0383108c                lv_win_create
                0x038310c4                lv_win_add_title
                0x03831108                lv_win_get_header
                0x03831110                lv_win_add_btn
                0x0383116c                lv_win_get_content
 .text          0x03831174     0x120c .\libv5lvgl.a(lv_indev_scroll.o)
                0x03831174                _lv_indev_scroll_handler
                0x03831af0                _lv_indev_scroll_throw_handler
                0x038322c0                lv_indev_scroll_throw_predict
                0x03832340                lv_indev_scroll_get_snap_dist
 .text          0x03832380      0x160 .\libv5lvgl.a(lv_theme.o)
                0x03832380                lv_theme_get_from_obj
                0x038323a4                lv_theme_apply
                0x03832428                lv_theme_set_parent
                0x03832430                lv_theme_set_apply_cb
                0x03832438                lv_theme_get_font_small
                0x03832458                lv_theme_get_font_normal
                0x03832478                lv_theme_get_font_large
                0x03832498                lv_theme_get_color_primary
                0x038324bc                lv_theme_get_color_secondary
 .text          0x038324e0      0x624 .\libv5lvgl.a(lv_draw_arc.o)
                0x038324e0                lv_draw_arc_dsc_init
                0x03832510                lv_draw_arc
                0x03832558                lv_draw_arc_get_area
 .text          0x03832b04       0x54 .\libv5lvgl.a(lv_draw_transform.o)
                0x03832b04                lv_draw_transform
 .text          0x03832b58      0xd90 .\libv5lvgl.a(lv_printf.o)
                0x03832b58                lv_snprintf
                0x03833438                lv_vsnprintf
 .text          0x038338e8      0xd48 .\libv5lvgl.a(lv_tlsf.o)
                0x038338e8                lv_tlsf_check
                0x03833a38                lv_tlsf_walk_pool
                0x03833aac                lv_tlsf_block_size
                0x03833ac0                lv_tlsf_check_pool
                0x03833b24                lv_tlsf_size
                0x03833b2c                lv_tlsf_align_size
                0x03833b34                lv_tlsf_block_size_min
                0x03833b3c                lv_tlsf_block_size_max
                0x03833b44                lv_tlsf_pool_overhead
                0x03833b4c                lv_tlsf_alloc_overhead
                0x03833b54                lv_tlsf_add_pool
                0x03833c6c                lv_tlsf_remove_pool
                0x03833d64                lv_tlsf_create
                0x03833dd4                lv_tlsf_create_with_pool
                0x03833e58                lv_tlsf_destroy
                0x03833e5c                lv_tlsf_get_pool
                0x03833e68                lv_tlsf_malloc
                0x03834080                lv_tlsf_memalign
                0x038341f8                lv_tlsf_free
                0x03834380                lv_tlsf_realloc
 .text          0x03834630      0x300 .\libv5lvgl.a(lv_line.o)
                0x038348b8                lv_line_create
                0x038348e0                lv_line_set_points
                0x03834904                lv_line_set_y_invert
                0x03834924                lv_line_get_y_invert
 .text          0x03834930      0xcf0 .\libv5lvgl.a(lv_bar.o)
                0x038352dc                lv_bar_create
                0x03835304                lv_bar_set_value
                0x03835424                lv_bar_set_start_value
                0x03835490                lv_bar_set_range
                0x0383551c                lv_bar_get_mode
                0x03835528                lv_bar_set_mode
                0x0383554c                lv_bar_get_value
                0x03835564                lv_bar_get_start_value
                0x03835594                lv_bar_get_min_value
                0x0383559c                lv_bar_get_max_value
 .text          0x03835620      0x5ac .\libv5lvgl.a(lv_checkbox.o)
                0x03835ae8                lv_checkbox_create
                0x03835b10                lv_checkbox_set_text
                0x03835b7c                lv_checkbox_set_text_static
                0x03835bc4                lv_checkbox_get_text
 *fill*         0x03835bcc        0x4 
 .text          0x03835bd0     0x140c .\libv5lvgl.a(lv_arc.o)
                0x038364dc                lv_arc_create
                0x03836504                lv_arc_set_start_angle
                0x038366dc                lv_arc_set_end_angle
                0x03836784                lv_arc_set_angles
                0x038367ac                lv_arc_set_bg_start_angle
                0x0383698c                lv_arc_set_bg_end_angle
                0x03836a2c                lv_arc_set_bg_angles
                0x03836a54                lv_arc_set_rotation
                0x03836a5c                lv_arc_set_mode
                0x03836af8                lv_arc_set_value
                0x03836b38                lv_arc_set_range
                0x03836b94                lv_arc_set_change_rate
                0x03836b9c                lv_arc_get_angle_start
                0x03836ba4                lv_arc_get_angle_end
                0x03836bac                lv_arc_get_bg_angle_start
                0x03836bb4                lv_arc_get_bg_angle_end
                0x03836bbc                lv_arc_get_value
                0x03836bc4                lv_arc_get_min_value
                0x03836bcc                lv_arc_get_max_value
                0x03836bd4                lv_arc_get_mode
                0x03836be0                lv_arc_align_obj_to_angle
                0x03836de4                lv_arc_rotate_obj_to_angle
 .text          0x03836fdc     0x18d4 .\libv5lvgl.a(lv_btnmatrix.o)
                0x03837cb0                lv_btnmatrix_create
                0x03837cd8                lv_btnmatrix_set_map
                0x03838128                lv_btnmatrix_set_ctrl_map
                0x03838154                lv_btnmatrix_set_selected_btn
                0x038382cc                lv_btnmatrix_set_btn_ctrl
                0x03838380                lv_btnmatrix_clear_btn_ctrl_all
                0x038383c8                lv_btnmatrix_clear_btn_ctrl
                0x03838418                lv_btnmatrix_set_btn_ctrl_all
                0x03838460                lv_btnmatrix_set_btn_width
                0x03838488                lv_btnmatrix_set_one_checked
                0x03838544                lv_btnmatrix_get_map
                0x0383854c                lv_btnmatrix_get_selected_btn
                0x03838554                lv_btnmatrix_get_btn_text
                0x03838600                lv_btnmatrix_has_btn_ctrl
                0x03838634                lv_btnmatrix_get_one_checked
 .text          0x038388b0     0x1a1c .\libv5lvgl.a(lv_table.o)
                0x03839584                lv_table_create
                0x038395ac                lv_table_set_cell_value
                0x03839688                lv_table_set_col_cnt
                0x03839840                lv_table_set_row_cnt
                0x03839bf4                lv_table_set_cell_value_fmt
                0x03839e94                lv_table_set_col_width
                0x03839edc                lv_table_add_cell_ctrl
                0x03839f94                lv_table_clear_cell_ctrl
                0x0383a04c                lv_table_get_cell_value
                0x0383a090                lv_table_get_row_cnt
                0x0383a098                lv_table_get_col_cnt
                0x0383a0a0                lv_table_get_col_width
                0x0383a0c0                lv_table_has_cell_ctrl
                0x0383a110                lv_table_get_selected_cell
 .text          0x0383a2cc     0x1b2c .\libv5lvgl.a(lv_textarea.o)
                0x0383aa7c                lv_textarea_create
                0x0383aaa4                lv_textarea_add_char
                0x0383ad9c                lv_textarea_clear_selection
                0x0383ae74                lv_textarea_set_cursor_pos
                0x0383aff4                lv_textarea_get_cursor_pos
                0x0383affc                lv_textarea_add_text
                0x0383b18c                lv_textarea_get_accepted_chars
                0x0383b194                lv_textarea_get_max_length
                0x0383b19c                lv_textarea_del_char
                0x0383b2a0                lv_textarea_del_char_forward
                0x0383b2d0                lv_textarea_set_text
                0x0383b434                lv_textarea_set_placeholder_text
                0x0383b868                lv_textarea_set_cursor_click_pos
                0x0383b87c                lv_textarea_set_password_mode
                0x0383b920                lv_textarea_set_password_bullet
                0x0383b984                lv_textarea_set_one_line
                0x0383ba20                lv_textarea_set_accepted_chars
                0x0383ba28                lv_textarea_set_max_length
                0x0383ba30                lv_textarea_set_insert_replace
                0x0383ba40                lv_textarea_set_text_selection
                0x0383ba5c                lv_textarea_set_password_show_time
                0x0383ba64                lv_textarea_set_align
                0x0383bab0                lv_textarea_get_label
                0x0383bab8                lv_textarea_get_text
                0x0383bad0                lv_textarea_get_placeholder_text
                0x0383bae8                lv_textarea_get_cursor_click_pos
                0x0383baf4                lv_textarea_get_password_mode
                0x0383bb00                lv_textarea_get_password_bullet
                0x0383bb64                lv_textarea_get_one_line
                0x0383bb70                lv_textarea_text_is_selected
                0x0383bbac                lv_textarea_get_text_selection
                0x0383bbb8                lv_textarea_get_password_show_time
                0x0383bbc0                lv_textarea_cursor_right
                0x0383bbcc                lv_textarea_cursor_left
                0x0383bbe0                lv_textarea_cursor_down
                0x0383bc80                lv_textarea_cursor_up
 .text          0x0383bdf8     0x1158 .\libv5lvgl.a(lv_img.o)
                0x0383c7b8                lv_img_create
                0x0383c7e0                lv_img_set_src
                0x0383c9dc                lv_img_set_offset_x
                0x0383ca08                lv_img_set_offset_y
                0x0383ca34                lv_img_set_angle
                0x0383cb9c                lv_img_set_pivot
                0x0383ccf4                lv_img_set_zoom
                0x0383ce58                lv_img_set_antialias
                0x0383ce78                lv_img_set_size_mode
                0x0383cea0                lv_img_get_src
                0x0383cea8                lv_img_get_offset_x
                0x0383ceb0                lv_img_get_offset_y
                0x0383ceb8                lv_img_get_angle
                0x0383cec0                lv_img_get_pivot
                0x0383ced4                lv_img_get_zoom
                0x0383cedc                lv_img_get_antialias
                0x0383cee8                lv_img_get_size_mode
 .text          0x0383cf50     0x1120 .\libv5lvgl.a(lv_roller.o)
                0x0383d8ac                lv_roller_create
                0x0383d8d4                lv_roller_set_options
                0x0383dae4                lv_roller_set_selected
                0x0383dd54                lv_roller_set_visible_row_count
                0x0383ddb8                lv_roller_get_selected
                0x0383de04                lv_roller_get_selected_str
                0x0383decc                lv_roller_get_options
                0x0383dee4                lv_roller_get_option_cnt
 .text          0x0383e070      0xc3c .\libv5lvgl.a(lv_slider.o)
                0x0383eb48                lv_slider_create
                0x0383eb70                lv_slider_is_dragged
 .text          0x0383ecac      0x448 .\libv5lvgl.a(lv_switch.o)
                0x0383f0b4                lv_switch_create
 .text          0x0383f0f4     0x106c .\libv5lvgl.a(lv_draw_sw_arc.o)
                0x0383f0f4                lv_draw_sw_arc
 .text          0x03840160     0x2a7c .\libv5lvgl.a(lv_draw_sw_rect.o)
                0x03840160                lv_draw_sw_rect
                0x03841fd8                lv_draw_sw_bg
                0x03842004                draw_border_generic
 .text          0x03842bdc     0x1c4c .\libv5lvgl.a(lv_draw_sw_blend.o)
                0x03842bdc                lv_draw_sw_blend
                0x03842c40                lv_draw_sw_blend_basic
 .text          0x03844828      0x454 .\libv5lvgl.a(lv_draw_sw_polygon.o)
                0x03844828                lv_draw_sw_polygon
 .text          0x03844c7c      0x564 .\libv5lvgl.a(lv_draw_sw_gradient.o)
                0x03844c7c                lv_gradient_free_cache
                0x03844cb8                lv_gradient_set_cache_size
                0x03844d10                lv_gradient_get
                0x03845000                lv_gradient_calculate
                0x03845138                lv_gradient_cleanup
 .text          0x038451e0       0x9a c:\Users\Quinn\AppData\Roaming\Code\User\globalStorage\vexrobotics.vexcode\sdk\cpp\V5\V5_20220726_10_00_00/vexv5/gcc/libs\libc.a(lib_a-aeabi_memset-soft.o)
                0x038451e0                __aeabi_memset8
                0x038451e0                __aeabi_memset
                0x038451e0                __aeabi_memset4
 *(.text.*)
 *fill*         0x0384527a        0x6 
 .text._Z6to_radf
                0x03845280       0x28 build/src/util.o
                0x03845280                to_rad(float)
 .text._GLOBAL__sub_I_util.cpp
                0x038452a8       0x34 build/src/util.o
 .text._ZN3PIDC2Effff
                0x038452dc       0x2c build/src/PID.o
                0x038452dc                PID::PID(float, float, float, float)
                0x038452dc                PID::PID(float, float, float, float)
 .text._ZN3PIDC2Efffffff
                0x03845308       0x40 build/src/PID.o
                0x03845308                PID::PID(float, float, float, float, float, float, float)
                0x03845308                PID::PID(float, float, float, float, float, float, float)
 .text._ZN3PID7computeEf
                0x03845348       0xd0 build/src/PID.o
                0x03845348                PID::compute(float)
 .text._ZN3PID10is_settledEv
                0x03845418       0x44 build/src/PID.o
                0x03845418                PID::is_settled()
 .text._GLOBAL__sub_I_PID.cpp
                0x0384545c       0x34 build/src/PID.o
 .text._ZN5DriveD2Ev
                0x03845490       0x38 build/src/main.o
                0x03845490                Drive::~Drive()
 .text._Z14auton_selectorP11_lv_event_t
                0x038454c8      0x180 build/src/main.o
                0x038454c8                auton_selector(_lv_event_t*)
 .text._Z16clr_snsrs_btn_cbP11_lv_event_t
                0x03845648       0x44 build/src/main.o
                0x03845648                clr_snsrs_btn_cb(_lv_event_t*)
 .text._Z10tst_atn_cbP11_lv_event_t
                0x0384568c       0xbc build/src/main.o
                0x0384568c                tst_atn_cb(_lv_event_t*)
 .text._Z16updateSensorTextfffff
                0x03845748      0x164 build/src/main.o
                0x03845748                updateSensorText(float, float, float, float, float)
 *fill*         0x038458ac        0x4 
 .text._Z9pre_autonv
                0x038458b0      0x8b0 build/src/main.o
                0x038458b0                pre_auton()
 .text._Z10autonomousv
                0x03846160       0x94 build/src/main.o
                0x03846160                autonomous()
 .text._Z11usercontrolv
                0x038461f4       0xa8 build/src/main.o
                0x038461f4                usercontrol()
 .text.main     0x0384629c       0x38 build/src/main.o
                0x0384629c                main
 .text._GLOBAL__sub_I_main.cpp
                0x038462d4       0xe8 build/src/main.o
 .text._Z10auton_odomv
                0x038463bc       0x1c build/src/auton.o
                0x038463bc                auton_odom()
 .text._Z8no_autonv
                0x038463d8       0x38 build/src/auton.o
                0x038463d8                no_auton()
 .text._Z10left_autonv
                0x03846410       0x8c build/src/auton.o
                0x03846410                left_auton()
 .text._Z11right_autonv
                0x0384649c       0x40 build/src/auton.o
                0x0384649c                right_auton()
 .text._GLOBAL__sub_I_auton.cpp
                0x038464dc       0x34 build/src/auton.o
 .text._ZN5DriveC2EiiiiN3vex8inertialEf
                0x03846510      0x1bc build/src/drive.o
                0x03846510                Drive::Drive(int, int, int, int, vex::inertial, float)
                0x03846510                Drive::Drive(int, int, int, int, vex::inertial, float)
 .text._ZN5Drive6SetPIDEfffffff
                0x038466cc       0x2c build/src/drive.o
                0x038466cc                Drive::SetPID(float, float, float, float, float, float, float)
 .text._ZN5Drive10SetTurnPIDEfffffff
                0x038466f8       0x2c build/src/drive.o
                0x038466f8                Drive::SetTurnPID(float, float, float, float, float, float, float)
 .text._ZN5Drive8DriveForEf
                0x03846724      0x400 build/src/drive.o
                0x03846724                Drive::DriveFor(float)
 .text._ZN3vex5brain3lcd5printIfEEvT_
                0x03846b24       0x3c build/src/drive.o
                0x03846b24                void vex::brain::lcd::print<float>(float)
 .text._ZN5Drive6TurnToEf
                0x03846b60      0x218 build/src/drive.o
                0x03846b60                Drive::TurnTo(float)
 .text._ZN5Drive12clearSensorsEb
                0x03846d78       0xac build/src/drive.o
                0x03846d78                Drive::clearSensors(bool)
 *fill*         0x03846e24        0x4 
 .text._ZN5Drive6updateE12drive_method
                0x03846e28      0xfb0 build/src/drive.o
                0x03846e28                Drive::update(drive_method)
 .text._ZN5Drive14drive_odometryEv
                0x03847dd8      0x1f0 build/src/drive.o
                0x03847dd8                Drive::drive_odometry()
 .text._ZN5Drive13stop_odometryEv
                0x03847fc8        0xc build/src/drive.o
                0x03847fc8                Drive::stop_odometry()
 .text._GLOBAL__sub_I_drive.cpp
                0x03847fd4       0x34 build/src/drive.o
 .text._Z11vexcodeInitv
                0x03848008       0xd0 build/src/robot-config.o
                0x03848008                vexcodeInit()
 .text._GLOBAL__sub_I_robot_config.cpp
                0x038480d8       0xb8 build/src/robot-config.o
 .text._ZN4Odom11calculate_xEff
                0x03848190       0x48 build/src/odom.o
                0x03848190                Odom::calculate_x(float, float)
 .text._ZN4Odom11calculate_yEff
                0x038481d8       0x48 build/src/odom.o
                0x038481d8                Odom::calculate_y(float, float)
 .text._GLOBAL__sub_I_odom.cpp
                0x03848220       0x34 build/src/odom.o
 *fill*         0x03848254        0x4 
 .text._ZN8CatapultC2Eiibi
                0x03848258       0xc0 build/src/mechanisims.o
                0x03848258                Catapult::Catapult(int, int, bool, int)
                0x03848258                Catapult::Catapult(int, int, bool, int)
 .text._ZN8Catapult6updateEv
                0x03848318      0x298 build/src/mechanisims.o
                0x03848318                Catapult::update()
 .text._ZN8CatapultD2Ev
                0x038485b0       0x30 build/src/mechanisims.o
                0x038485b0                Catapult::~Catapult()
 .text._Z15buttonR1pressedv
                0x038485e0       0x90 build/src/mechanisims.o
                0x038485e0                buttonR1pressed()
 .text._Z16buttonR1releasedv
                0x03848670       0x6c build/src/mechanisims.o
                0x03848670                buttonR1released()
 .text._Z15buttonR2pressedv
                0x038486dc       0x90 build/src/mechanisims.o
                0x038486dc                buttonR2pressed()
 .text._Z16buttonR2releasedv
                0x0384876c       0x6c build/src/mechanisims.o
                0x0384876c                buttonR2released()
 .text._Z18buttonRightpressedv
                0x038487d8       0xec build/src/mechanisims.o
                0x038487d8                buttonRightpressed()
 .text._GLOBAL__sub_I_mechanisims.cpp
                0x038488c4       0xa4 build/src/mechanisims.o
 .text.vexMain  0x03848968       0xb0 c:\Users\Quinn\AppData\Roaming\Code\User\globalStorage\vexrobotics.vexcode\sdk\cpp\V5\V5_20220726_10_00_00/vexv5\libv5rt.a(v5_startup.c.obj)
                0x03848968                vexMain
 .text.__vex_function_prolog
                0x03848a18       0x18 c:\Users\Quinn\AppData\Roaming\Code\User\globalStorage\vexrobotics.vexcode\sdk\cpp\V5\V5_20220726_10_00_00/vexv5\libv5rt.a(v5_startup.c.obj)
                0x03848a18                __vex_function_prolog
 .text._init    0x03848a30        0x4 c:\Users\Quinn\AppData\Roaming\Code\User\globalStorage\vexrobotics.vexcode\sdk\cpp\V5\V5_20220726_10_00_00/vexv5\libv5rt.a(v5_startup.c.obj)
                0x03848a30                _init
 .text._fini    0x03848a34        0x4 c:\Users\Quinn\AppData\Roaming\Code\User\globalStorage\vexrobotics.vexcode\sdk\cpp\V5\V5_20220726_10_00_00/vexv5\libv5rt.a(v5_startup.c.obj)
                0x03848a34                _fini
 .text.vexStdlibVersionLinked
                0x03848a38        0xc c:\Users\Quinn\AppData\Roaming\Code\User\globalStorage\vexrobotics.vexcode\sdk\cpp\V5\V5_20220726_10_00_00/vexv5\libv5rt.a(v5_util.c.obj)
                0x03848a38                vexStdlibVersionLinked
 .text.vexStdlibVersionVerify
                0x03848a44       0x30 c:\Users\Quinn\AppData\Roaming\Code\User\globalStorage\vexrobotics.vexcode\sdk\cpp\V5\V5_20220726_10_00_00/vexv5\libv5rt.a(v5_util.c.obj)
                0x03848a44                vexStdlibVersionVerify
 .text.vexPrivateApiEnable
                0x03848a74       0x10 c:\Users\Quinn\AppData\Roaming\Code\User\globalStorage\vexrobotics.vexcode\sdk\cpp\V5\V5_20220726_10_00_00/vexv5\libv5rt.a(v5_apijump.c.obj)
                0x03848a74                vexPrivateApiEnable
 .text.vexStdlibMismatchError
                0x03848a84       0x3c c:\Users\Quinn\AppData\Roaming\Code\User\globalStorage\vexrobotics.vexcode\sdk\cpp\V5\V5_20220726_10_00_00/vexv5\libv5rt.a(v5_apijump.c.obj)
                0x03848a84                vexStdlibMismatchError
 .text.vexTaskAdd
                0x03848ac0       0x10 c:\Users\Quinn\AppData\Roaming\Code\User\globalStorage\vexrobotics.vexcode\sdk\cpp\V5\V5_20220726_10_00_00/vexv5\libv5rt.a(v5_apijump.c.obj)
                0x03848ac0                vexTaskAdd
 .text.vexTasksRun
                0x03848ad0       0x10 c:\Users\Quinn\AppData\Roaming\Code\User\globalStorage\vexrobotics.vexcode\sdk\cpp\V5\V5_20220726_10_00_00/vexv5\libv5rt.a(v5_apijump.c.obj)
                0x03848ad0                vexTasksRun
 .text.vexTaskYield
                0x03848ae0       0x10 c:\Users\Quinn\AppData\Roaming\Code\User\globalStorage\vexrobotics.vexcode\sdk\cpp\V5\V5_20220726_10_00_00/vexv5\libv5rt.a(v5_apijump.c.obj)
                0x03848ae0                vexTaskYield
 .text.vexTaskCheckTimeslice
                0x03848af0       0x10 c:\Users\Quinn\AppData\Roaming\Code\User\globalStorage\vexrobotics.vexcode\sdk\cpp\V5\V5_20220726_10_00_00/vexv5\libv5rt.a(v5_apijump.c.obj)
                0x03848af0                vexTaskCheckTimeslice
 .text.vexTaskSleep
                0x03848b00       0x10 c:\Users\Quinn\AppData\Roaming\Code\User\globalStorage\vexrobotics.vexcode\sdk\cpp\V5\V5_20220726_10_00_00/vexv5\libv5rt.a(v5_apijump.c.obj)
                0x03848b00                vexTaskSleep
 .text.vexTasksDump
                0x03848b10       0x1c c:\Users\Quinn\AppData\Roaming\Code\User\globalStorage\vexrobotics.vexcode\sdk\cpp\V5\V5_20220726_10_00_00/vexv5\libv5rt.a(v5_apijump.c.obj)
                0x03848b10                vexTasksDump
 .text.vexTaskGetTaskIndex
                0x03848b2c       0x10 c:\Users\Quinn\AppData\Roaming\Code\User\globalStorage\vexrobotics.vexcode\sdk\cpp\V5\V5_20220726_10_00_00/vexv5\libv5rt.a(v5_apijump.c.obj)
                0x03848b2c                vexTaskGetTaskIndex
 .text.vexTaskStopAll
                0x03848b3c       0x10 c:\Users\Quinn\AppData\Roaming\Code\User\globalStorage\vexrobotics.vexcode\sdk\cpp\V5\V5_20220726_10_00_00/vexv5\libv5rt.a(v5_apijump.c.obj)
                0x03848b3c                vexTaskStopAll
 .text.vexTaskRemoveAllUser
                0x03848b4c       0x34 c:\Users\Quinn\AppData\Roaming\Code\User\globalStorage\vexrobotics.vexcode\sdk\cpp\V5\V5_20220726_10_00_00/vexv5\libv5rt.a(v5_apijump.c.obj)
                0x03848b4c                vexTaskRemoveAllUser
 .text.vexTaskCompletionIdSet
                0x03848b80       0x10 c:\Users\Quinn\AppData\Roaming\Code\User\globalStorage\vexrobotics.vexcode\sdk\cpp\V5\V5_20220726_10_00_00/vexv5\libv5rt.a(v5_apijump.c.obj)
                0x03848b80                vexTaskCompletionIdSet
 .text.vexTaskStopWithId
                0x03848b90       0x10 c:\Users\Quinn\AppData\Roaming\Code\User\globalStorage\vexrobotics.vexcode\sdk\cpp\V5\V5_20220726_10_00_00/vexv5\libv5rt.a(v5_apijump.c.obj)
                0x03848b90                vexTaskStopWithId
 .text.vexCriticalSection
                0x03848ba0       0x2c c:\Users\Quinn\AppData\Roaming\Code\User\globalStorage\vexrobotics.vexcode\sdk\cpp\V5\V5_20220726_10_00_00/vexv5\libv5rt.a(v5_apijump.c.obj)
                0x03848ba0                vexCriticalSection
 .text.vexEventAdd
                0x03848bcc       0x34 c:\Users\Quinn\AppData\Roaming\Code\User\globalStorage\vexrobotics.vexcode\sdk\cpp\V5\V5_20220726_10_00_00/vexv5\libv5rt.a(v5_apijump.c.obj)
                0x03848bcc                vexEventAdd
 .text.vexEventUserIndexGet
                0x03848c00       0x1c c:\Users\Quinn\AppData\Roaming\Code\User\globalStorage\vexrobotics.vexcode\sdk\cpp\V5\V5_20220726_10_00_00/vexv5\libv5rt.a(v5_apijump.c.obj)
                0x03848c00                vexEventUserIndexGet
 .text.vexEventAddWithArg
                0x03848c1c       0x3c c:\Users\Quinn\AppData\Roaming\Code\User\globalStorage\vexrobotics.vexcode\sdk\cpp\V5\V5_20220726_10_00_00/vexv5\libv5rt.a(v5_apijump.c.obj)
                0x03848c1c                vexEventAddWithArg
 .text.vexEventsCleanup
                0x03848c58       0x2c c:\Users\Quinn\AppData\Roaming\Code\User\globalStorage\vexrobotics.vexcode\sdk\cpp\V5\V5_20220726_10_00_00/vexv5\libv5rt.a(v5_apijump.c.obj)
                0x03848c58                vexEventsCleanup
 .text.vexDebug
                0x03848c84       0x38 c:\Users\Quinn\AppData\Roaming\Code\User\globalStorage\vexrobotics.vexcode\sdk\cpp\V5\V5_20220726_10_00_00/vexv5\libv5rt.a(v5_apijump.c.obj)
                0x03848c84                vexDebug
 .text.vex_sprintf
                0x03848cbc       0x40 c:\Users\Quinn\AppData\Roaming\Code\User\globalStorage\vexrobotics.vexcode\sdk\cpp\V5\V5_20220726_10_00_00/vexv5\libv5rt.a(v5_apijump.c.obj)
                0x03848cbc                vex_sprintf
 .text.vex_vsnprintf
                0x03848cfc       0x3c c:\Users\Quinn\AppData\Roaming\Code\User\globalStorage\vexrobotics.vexcode\sdk\cpp\V5\V5_20220726_10_00_00/vexv5\libv5rt.a(v5_apijump.c.obj)
                0x03848cfc                vex_vsnprintf
 .text.vexSystemTimeGet
                0x03848d38       0x1c c:\Users\Quinn\AppData\Roaming\Code\User\globalStorage\vexrobotics.vexcode\sdk\cpp\V5\V5_20220726_10_00_00/vexv5\libv5rt.a(v5_apijump.c.obj)
                0x03848d38                vexSystemTimeGet
 .text.vexSystemExitRequest
                0x03848d54       0x1c c:\Users\Quinn\AppData\Roaming\Code\User\globalStorage\vexrobotics.vexcode\sdk\cpp\V5\V5_20220726_10_00_00/vexv5\libv5rt.a(v5_apijump.c.obj)
                0x03848d54                vexSystemExitRequest
 .text.vexDeviceGetByIndex
                0x03848d70       0x24 c:\Users\Quinn\AppData\Roaming\Code\User\globalStorage\vexrobotics.vexcode\sdk\cpp\V5\V5_20220726_10_00_00/vexv5\libv5rt.a(v5_apijump.c.obj)
                0x03848d70                vexDeviceGetByIndex
 .text.vexControllerGet
                0x03848d94       0x2c c:\Users\Quinn\AppData\Roaming\Code\User\globalStorage\vexrobotics.vexcode\sdk\cpp\V5\V5_20220726_10_00_00/vexv5\libv5rt.a(v5_apijump.c.obj)
                0x03848d94                vexControllerGet
 .text.vexDeviceAdiPortConfigSet
                0x03848dc0       0x34 c:\Users\Quinn\AppData\Roaming\Code\User\globalStorage\vexrobotics.vexcode\sdk\cpp\V5\V5_20220726_10_00_00/vexv5\libv5rt.a(v5_apijump.c.obj)
                0x03848dc0                vexDeviceAdiPortConfigSet
 .text.vexDeviceAdiPortConfigGet
                0x03848df4       0x2c c:\Users\Quinn\AppData\Roaming\Code\User\globalStorage\vexrobotics.vexcode\sdk\cpp\V5\V5_20220726_10_00_00/vexv5\libv5rt.a(v5_apijump.c.obj)
                0x03848df4                vexDeviceAdiPortConfigGet
 .text.vexDeviceAdiValueSet
                0x03848e20       0x34 c:\Users\Quinn\AppData\Roaming\Code\User\globalStorage\vexrobotics.vexcode\sdk\cpp\V5\V5_20220726_10_00_00/vexv5\libv5rt.a(v5_apijump.c.obj)
                0x03848e20                vexDeviceAdiValueSet
 .text.vexDeviceAdiValueGet
                0x03848e54       0x2c c:\Users\Quinn\AppData\Roaming\Code\User\globalStorage\vexrobotics.vexcode\sdk\cpp\V5\V5_20220726_10_00_00/vexv5\libv5rt.a(v5_apijump.c.obj)
                0x03848e54                vexDeviceAdiValueGet
 .text.vexDeviceMotorVelocitySet
                0x03848e80       0x2c c:\Users\Quinn\AppData\Roaming\Code\User\globalStorage\vexrobotics.vexcode\sdk\cpp\V5\V5_20220726_10_00_00/vexv5\libv5rt.a(v5_apijump.c.obj)
                0x03848e80                vexDeviceMotorVelocitySet
 .text.vexDeviceMotorVoltageSet
                0x03848eac       0x2c c:\Users\Quinn\AppData\Roaming\Code\User\globalStorage\vexrobotics.vexcode\sdk\cpp\V5\V5_20220726_10_00_00/vexv5\libv5rt.a(v5_apijump.c.obj)
                0x03848eac                vexDeviceMotorVoltageSet